ADRIAN
CARROLL
CLIFTON
CODY
CHONG
CARY
DAMON
DARIO
DANNIE
CORNELL
DOUGLAS
FREDERICK
DOUG
HARVEY
IRVING
GUS
GERALD
JARVIS
ISAIAH
JOHN
FRITZ
LESTER
LAURENCE
LOWELL
NELSON
LINCOLN
KENTON
DONN
NIGEL
NORMAND
ORLANDO
OMAR
REX
ROLANDO
RON
SHANE
RAYMUNDO
ODIS
WALTER
TRINIDAD
TONEY
NEVILLE
WARREN
WILLIAM
WILLARD
XAVIER
WINFRED
WES
WARNER
COLTON
ARNOLDO
---
ADRIAN
CARROLL
CODY
CLIFTON
CHONG
CARY
DAMON
CORNELL
DARIO
FREDERICK
DOUGLAS
DOUG
GERALD
HARVEY
IRVING
ISAIAH
GUS
JOHN
JARVIS
FRITZ
DONN
DANNIE
LESTER
LAURENCE
NELSON
LOWELL
LINCOLN
KENTON
NIGEL
NORMAND
ORLANDO
REX
RAYMUNDO
RON
SHANE
ROLANDO
OMAR
ODIS
TONEY
NEVILLE
WALTER
WARREN
WARNER
TRINIDAD
WILLIAM
XAVIER
WINFRED
WILLARD
WES
COLTON
ARNOLDO
---
ADRIAN
CARROLL
ARNOLDO
CARY
CORNELL
DARIO
DONN
FREDERICK
FRITZ
DOUGLAS
DANNIE
COLTON
HARVEY
IRVING
KENTON
JARVIS
GUS
NELSON
LOWELL
NIGEL
NEVILLE
LINCOLN
ORLANDO
RON
SHANE
ROLANDO
TONEY
REX
WALTER
WARREN
WARNER
TRINIDAD
OMAR
CLIFTON
WILLIAM
XAVIER
WINFRED
WILLARD
